types/validator.ts(42,39): error TS2307: Cannot find module '../../src/app/page.js' or its corresponding type declarations.
types/validator.ts(57,39): error TS2307: Cannot find module '../../src/app/layout.js' or its corresponding type declarations.
